// Jest Snapshot v1, https://goo.gl/fbAQLP

exports[`RollerCoasterTableHeader renders without crashing 1`] = `
ShallowWrapper {
  "length": 1,
  Symbol(enzyme.__root__): [Circular],
  Symbol(enzyme.__unrendered__): <RollerCoasterTableHeader />,
  Symbol(enzyme.__renderer__): Object {
    "batchedUpdates": [Function],
    "getNode": [Function],
    "render": [Function],
    "simulateEvent": [Function],
    "unmount": [Function],
  },
  Symbol(enzyme.__node__): Object {
    "instance": null,
    "key": undefined,
    "nodeType": "host",
    "props": Object {
      "children": <tr>
        <th>
                #
        </th>
        <th>
                Name
        </th>
        <th>
                Park
        </th>
        <th>
                City
        </th>
        <th>
                State
        </th>
        <th
                className="buttonFixedSize"
        >
                Edit
        </th>
        <th
                className="buttonFixedSize"
        >
                Delete
        </th>
</tr>,
    },
    "ref": null,
    "rendered": Object {
      "instance": null,
      "key": undefined,
      "nodeType": "host",
      "props": Object {
        "children": Array [
          <th>
            #
</th>,
          <th>
            Name
</th>,
          <th>
            Park
</th>,
          <th>
            City
</th>,
          <th>
            State
</th>,
          <th
            className="buttonFixedSize"
>
            Edit
</th>,
          <th
            className="buttonFixedSize"
>
            Delete
</th>,
        ],
      },
      "ref": null,
      "rendered": Array [
        Object {
          "instance": null,
          "key": undefined,
          "nodeType": "host",
          "props": Object {
            "children": "#",
          },
          "ref": null,
          "rendered": "#",
          "type": "th",
        },
        Object {
          "instance": null,
          "key": undefined,
          "nodeType": "host",
          "props": Object {
            "children": "Name",
          },
          "ref": null,
          "rendered": "Name",
          "type": "th",
        },
        Object {
          "instance": null,
          "key": undefined,
          "nodeType": "host",
          "props": Object {
            "children": "Park",
          },
          "ref": null,
          "rendered": "Park",
          "type": "th",
        },
        Object {
          "instance": null,
          "key": undefined,
          "nodeType": "host",
          "props": Object {
            "children": "City",
          },
          "ref": null,
          "rendered": "City",
          "type": "th",
        },
        Object {
          "instance": null,
          "key": undefined,
          "nodeType": "host",
          "props": Object {
            "children": "State",
          },
          "ref": null,
          "rendered": "State",
          "type": "th",
        },
        Object {
          "instance": null,
          "key": undefined,
          "nodeType": "host",
          "props": Object {
            "children": "Edit",
            "className": "buttonFixedSize",
          },
          "ref": null,
          "rendered": "Edit",
          "type": "th",
        },
        Object {
          "instance": null,
          "key": undefined,
          "nodeType": "host",
          "props": Object {
            "children": "Delete",
            "className": "buttonFixedSize",
          },
          "ref": null,
          "rendered": "Delete",
          "type": "th",
        },
      ],
      "type": "tr",
    },
    "type": "thead",
  },
  Symbol(enzyme.__nodes__): Array [
    Object {
      "instance": null,
      "key": undefined,
      "nodeType": "host",
      "props": Object {
        "children": <tr>
          <th>
                    #
          </th>
          <th>
                    Name
          </th>
          <th>
                    Park
          </th>
          <th>
                    City
          </th>
          <th>
                    State
          </th>
          <th
                    className="buttonFixedSize"
          >
                    Edit
          </th>
          <th
                    className="buttonFixedSize"
          >
                    Delete
          </th>
</tr>,
      },
      "ref": null,
      "rendered": Object {
        "instance": null,
        "key": undefined,
        "nodeType": "host",
        "props": Object {
          "children": Array [
            <th>
              #
</th>,
            <th>
              Name
</th>,
            <th>
              Park
</th>,
            <th>
              City
</th>,
            <th>
              State
</th>,
            <th
              className="buttonFixedSize"
>
              Edit
</th>,
            <th
              className="buttonFixedSize"
>
              Delete
</th>,
          ],
        },
        "ref": null,
        "rendered": Array [
          Object {
            "instance": null,
            "key": undefined,
            "nodeType": "host",
            "props": Object {
              "children": "#",
            },
            "ref": null,
            "rendered": "#",
            "type": "th",
          },
          Object {
            "instance": null,
            "key": undefined,
            "nodeType": "host",
            "props": Object {
              "children": "Name",
            },
            "ref": null,
            "rendered": "Name",
            "type": "th",
          },
          Object {
            "instance": null,
            "key": undefined,
            "nodeType": "host",
            "props": Object {
              "children": "Park",
            },
            "ref": null,
            "rendered": "Park",
            "type": "th",
          },
          Object {
            "instance": null,
            "key": undefined,
            "nodeType": "host",
            "props": Object {
              "children": "City",
            },
            "ref": null,
            "rendered": "City",
            "type": "th",
          },
          Object {
            "instance": null,
            "key": undefined,
            "nodeType": "host",
            "props": Object {
              "children": "State",
            },
            "ref": null,
            "rendered": "State",
            "type": "th",
          },
          Object {
            "instance": null,
            "key": undefined,
            "nodeType": "host",
            "props": Object {
              "children": "Edit",
              "className": "buttonFixedSize",
            },
            "ref": null,
            "rendered": "Edit",
            "type": "th",
          },
          Object {
            "instance": null,
            "key": undefined,
            "nodeType": "host",
            "props": Object {
              "children": "Delete",
              "className": "buttonFixedSize",
            },
            "ref": null,
            "rendered": "Delete",
            "type": "th",
          },
        ],
        "type": "tr",
      },
      "type": "thead",
    },
  ],
  Symbol(enzyme.__options__): Object {
    "adapter": ReactSixteenAdapter {
      "options": Object {
        "enableComponentDidUpdateOnSetState": true,
      },
    },
  },
}
`;
